[    0.000000] Initializing cgroup subsys cpuset
[    0.000000] Initializing cgroup subsys cpu
[    0.000000] Initializing cgroup subsys cpuacct
[    0.000000] Linux version 4.4.0-210-generic (buildd@lgw01-amd64-009) (gcc version 5.4.0 20160609 (Ubuntu 5.4.0-6ubuntu1~16.04.12) ) #242-Ubuntu SMP Fri Apr 16 09:57:56 UTC 2021 (Ubuntu 4.4.0-210.242-generic 4.4.262)
[    0.000000] Command line: BOOT_IMAGE=/boot/vmlinuz-4.4.0-210-generic root=LABEL=cloudimg-rootfs ro console=tty1 console=ttyS0
[    0.000000] KERNEL supported cpus:
[    0.000000]   Intel GenuineIntel
[    0.000000]   AMD AuthenticAMD
[    0.000000]   Centaur CentaurHauls
[    0.000000] x86/fpu: xstate_offset[2]:  576, xstate_sizes[2]:  256
[    0.000000] x86/fpu: Supporting XSAVE feature 0x01: 'x87 floating point registers'
[    0.000000] x86/fpu: Supporting XSAVE feature 0x02: 'SSE registers'
[    0.000000] x86/fpu: Supporting XSAVE feature 0x04: 'AVX registers'
[    0.000000] x86/fpu: Enabled xstate features 0x7, context size is 832 bytes, using 'standard' format.
[    0.000000] e820: BIOS-provided physical RAM map:
[    0.000000] BIOS-e820: [mem 0x0000000000000000-0x000000000009fbff] usable
[    0.000000] BIOS-e820: [mem 0x000000000009fc00-0x000000000009ffff] reserved
[    0.000000] BIOS-e820: [mem 0x00000000000f0000-0x00000000000fffff] reserved
[    0.000000] BIOS-e820: [mem 0x0000000000100000-0x000000003ffeffff] usable
[    0.000000] BIOS-e820: [mem 0x000000003fff0000-0x000000003fffffff] ACPI data
[    0.000000] BIOS-e820: [mem 0x00000000fec00000-0x00000000fec00fff] reserved
[    0.000000] BIOS-e820: [mem 0x00000000fee00000-0x00000000fee00fff] reserved
[    0.000000] BIOS-e820: [mem 0x00000000fffc0000-0x00000000ffffffff] reserved
[    0.000000] NX (Execute Disable) protection: active
[    0.000000] SMBIOS 2.5 present.
[    0.000000] Hypervisor detected: KVM
[    0.000000] e820: last_pfn = 0x3fff0 max_arch_pfn = 0x400000000
[    0.000000] MTRR: Disabled
[    0.000000] x86/PAT: MTRRs disabled, skipping PAT initialization too.
[    0.000000] CPU MTRRs all blank - virtualized system.
[    0.000000] x86/PAT: Configuration [0-7]: WB  WT  UC- UC  WB  WT  UC- UC  
[    0.000000] found SMP MP-table at [mem 0x0009fff0-0x0009ffff] mapped at [ffff88000009fff0]
[    0.000000] Scanning 1 areas for low memory corruption
[    0.000000] RAMDISK: [mem 0x362dc000-0x37165fff]
[    0.000000] ACPI: Early table checksum verification disabled
[    0.000000] ACPI: RSDP 0x00000000000E0000 000024 (v02 VBOX  )
[    0.000000] ACPI: XSDT 0x000000003FFF0030 00003C (v01 VBOX   VBOXXSDT 00000001 ASL  00000061)
[    0.000000] ACPI: FACP 0x000000003FFF00F0 0000F4 (v04 VBOX   VBOXFACP 00000001 ASL  00000061)
[    0.000000] ACPI: DSDT 0x000000003FFF0470 002325 (v02 VBOX   VBOXBIOS 00000002 INTL 20120111)
[    0.000000] ACPI: FACS 0x000000003FFF0200 000040
[    0.000000] ACPI: FACS 0x000000003FFF0200 000040
[    0.000000] ACPI: APIC 0x000000003FFF0240 00005C (v02 VBOX   VBOXAPIC 00000001 ASL  00000061)
[    0.000000] ACPI: SSDT 0x000000003FFF02A0 0001CC (v01 VBOX   VBOXCPUT 00000002 INTL 20120111)
[    0.000000] No NUMA configuration found
[    0.000000] Faking a node at [mem 0x0000000000000000-0x000000003ffeffff]
[    0.000000] NODE_DATA(0) allocated [mem 0x3ffeb000-0x3ffeffff]
[    0.000000] kvm-clock: Using msrs 4b564d01 and 4b564d00
[    0.000000] kvm-clock: cpu 0, msr 0:3ffe3001, primary cpu clock
[    0.000000] kvm-clock: using sched offset of 6177733511 cycles
[    0.000000] clocksource: kvm-clock: mask: 0xffffffffffffffff max_cycles: 0x1cd42e4dffb, max_idle_ns: 881590591483 ns
[    0.000000] Zone ranges:
[    0.000000]   DMA      [mem 0x0000000000001000-0x0000000000ffffff]
[    0.000000]   DMA32    [mem 0x0000000001000000-0x000000003ffeffff]
[    0.000000]   Normal   empty
[    0.000000]   Device   empty
[    0.000000] Movable zone start for each node
[    0.000000] Early memory node ranges
[    0.000000]   node   0: [mem 0x0000000000001000-0x000000000009efff]
[    0.000000]   node   0: [mem 0x0000000000100000-0x000000003ffeffff]
[    0.000000] Initmem setup node 0 [mem 0x0000000000001000-0x000000003ffeffff]
[    0.000000] ACPI: PM-Timer IO Port: 0x4008
[    0.000000] IOAPIC[0]: apic_id 2, version 32, address 0xfec00000, GSI 0-23
[    0.000000] ACPI: INT_SRC_OVR (bus 0 bus_irq 0 global_irq 2 dfl dfl)
[    0.000000] ACPI: INT_SRC_OVR (bus 0 bus_irq 9 global_irq 9 low level)
[    0.000000] Using ACPI (MADT) for SMP configuration information
[    0.000000] smpboot: Allowing 2 CPUs, 0 hotplug CPUs
[    0.000000] PM: Registered nosave memory: [mem 0x00000000-0x00000fff]
[    0.000000] PM: Registered nosave memory: [mem 0x0009f000-0x0009ffff]
[    0.000000] PM: Registered nosave memory: [mem 0x000a0000-0x000effff]
[    0.000000] PM: Registered nosave memory: [mem 0x000f0000-0x000fffff]
[    0.000000] e820: [mem 0x40000000-0xfebfffff] available for PCI devices
[    0.000000] Booting paravirtualized kernel on KVM
[    0.000000] clocksource: refined-jiffies: mask: 0xffffffff max_cycles: 0xffffffff, max_idle_ns: 7645519600211568 ns
[    0.000000] setup_percpu: NR_CPUS:512 nr_cpumask_bits:512 nr_cpu_ids:2 nr_node_ids:1
[    0.000000] PERCPU: Embedded 33 pages/cpu @ffff88003fc00000 s95192 r8192 d31784 u1048576
[    0.000000] Built 1 zonelists in Node order, mobility grouping on.  Total pages: 257912
[    0.000000] Policy zone: DMA32
[    0.000000] Kernel command line: BOOT_IMAGE=/boot/vmlinuz-4.4.0-210-generic root=LABEL=cloudimg-rootfs ro console=tty1 console=ttyS0
[    0.000000] PID hash table entries: 4096 (order: 3, 32768 bytes)
[    0.000000] Memory: 997792K/1048120K available (8644K kernel code, 1332K rwdata, 4044K rodata, 1492K init, 1164K bss, 50328K reserved, 0K cma-reserved)
[    0.000000] SLUB: HWalign=64, Order=0-3, MinObjects=0, CPUs=2, Nodes=1
[    0.000000] Kernel/User page tables isolation: enabled
[    0.000000] Hierarchical RCU implementation.
[    0.000000] 	Build-time adjustment of leaf fanout to 64.
[    0.000000] 	RCU restricting CPUs from NR_CPUS=512 to nr_cpu_ids=2.
[    0.000000] RCU: Adjusting geometry for rcu_fanout_leaf=64, nr_cpu_ids=2
[    0.000000] NR_IRQS:33024 nr_irqs:440 16
[    0.000000] Console: colour VGA+ 80x25
[    0.000000] console [tty1] enabled
[    0.000000] console [ttyS0] enabled
[    0.000000] tsc: Detected 1991.999 MHz processor
[    0.185735] Calibrating delay loop (skipped) preset value.. 3983.99 BogoMIPS (lpj=7967996)
[    0.188068] pid_max: default: 32768 minimum: 301
[    0.189385] ACPI: Core revision 20150930
[    0.191414] ACPI: 2 ACPI AML tables successfully acquired and loaded
[    0.193256] Security Framework initialized
[    0.194905] Yama: becoming mindful.
[    0.196025] AppArmor: AppArmor initialized
[    0.197411] Dentry cache hash table entries: 131072 (order: 8, 1048576 bytes)
[    0.200732] Inode-cache hash table entries: 65536 (order: 7, 524288 bytes)
[    0.203442] Mount-cache hash table entries: 2048 (order: 2, 16384 bytes)
[    0.205223] Mountpoint-cache hash table entries: 2048 (order: 2, 16384 bytes)
[    0.207177] Initializing cgroup subsys io
[    0.208316] Initializing cgroup subsys memory
[    0.209574] Initializing cgroup subsys devices
[    0.210797] Initializing cgroup subsys freezer
[    0.212206] Initializing cgroup subsys net_cls
[    0.213482] Initializing cgroup subsys perf_event
[    0.214764] Initializing cgroup subsys net_prio
[    0.216008] Initializing cgroup subsys hugetlb
[    0.217283] Initializing cgroup subsys pids
[    0.232827] mce: CPU supports 0 MCE banks
[    0.235319] Last level iTLB entries: 4KB 64, 2MB 8, 4MB 8
[    0.237073] Last level dTLB entries: 4KB 64, 2MB 0, 4MB 0, 1GB 4
[    0.238813] Spectre V1 : Mitigation: usercopy/swapgs barriers and __user pointer sanitization
[    0.241467] Spectre V2 : Mitigation: Full generic retpoline
[    0.243553] Spectre V2 : Spectre v2 / SpectreRSB mitigation: Filling RSB on context switch
[    0.245921] Speculative Store Bypass: Vulnerable
[    0.247195] SRBDS: Unknown: Dependent on hypervisor status
[    0.248792] MDS: Mitigation: Clear CPU buffers
[    0.252914] Freeing SMP alternatives memory: 36K
[    0.262389] ftrace: allocating 32380 entries in 127 pages
[    0.326102] smpboot: APIC(0) Converting physical 0 to logical package 0
[    0.328864] smpboot: Max logical packages: 1
[    0.330520] x2apic enabled
[    0.331640] Switched APIC routing to physical x2apic.
[    0.334844] ..TIMER: vector=0x30 apic1=0 pin1=2 apic2=-1 pin2=-1
[    0.445231] smpboot: CPU0: Intel(R) Core(TM) i5-6360U CPU @ 2.00GHz (family: 0x6, model: 0x4e, stepping: 0x3)
[    0.448592] Performance Events: unsupported p6 CPU model 78 no PMU driver, software events only.
[    0.462645] KVM setup paravirtual spinlock
[    0.465227] x86: Booting SMP configuration:
[    0.466479] .... node  #0, CPUs:      #1
[    0.467857] kvm-clock: cpu 1, msr 0:3ffe3041, secondary cpu clock
[    0.625524] mce: CPU supports 0 MCE banks
[    0.628402] x86: Booted up 1 node, 2 CPUs
[    0.630241] smpboot: Total of 2 processors activated (7967.99 BogoMIPS)
[    0.632872] devtmpfs: initialized
[    0.635955] evm: security.selinux
[    0.637470] evm: security.SMACK64
[    0.638552] evm: security.SMACK64EXEC
[    0.639635] evm: security.SMACK64TRANSMUTE
[    0.640784] evm: security.SMACK64MMAP
[    0.642250] evm: security.ima
[    0.643163] evm: security.capability
[    0.644427] clocksource: jiffies: mask: 0xffffffff max_cycles: 0xffffffff, max_idle_ns: 7645041785100000 ns
[    0.647516] futex hash table entries: 512 (order: 3, 32768 bytes)
[    0.649822] pinctrl core: initialized pinctrl subsystem
[    0.651738] RTC time:  5:51:17, date: 10/19/22
[    0.653347] NET: Registered protocol family 16
[    0.666876] cpuidle: using governor ladder
[    0.682774] cpuidle: using governor menu
[    0.684784] PCCT header not found.
[    0.686172] ACPI: bus type PCI registered
[    0.687651] acpiphp: ACPI Hot Plug PCI Controller Driver version: 0.5
[    0.689539] PCI: Using configuration type 1 for base access
[    0.704291] ACPI: Added _OSI(Module Device)
[    0.706205] ACPI: Added _OSI(Processor Device)
[    0.707752] ACPI: Added _OSI(3.0 _SCP Extensions)
[    0.709203] ACPI: Added _OSI(Processor Aggregator Device)
[    0.711563] ACPI: Executed 1 blocks of module-level executable AML code
[    0.718125] ACPI: Interpreter enabled
[    0.720525] ACPI: (supports S0 S5)
[    0.724167] ACPI: Using IOAPIC for interrupt routing
[    0.727069] PCI: Using host bridge windows from ACPI; if necessary, use "pci=nocrs" and report a bug
[    0.803260] ACPI: PCI Root Bridge [PCI0] (domain 0000 [bus 00-ff])
[    0.805592] acpi PNP0A03:00: _OSC: OS supports [ASPM ClockPM Segments MSI]
[    0.807703] acpi PNP0A03:00: _OSC: not requesting OS control; OS requires [ExtendedConfig ASPM ClockPM MSI]
[    0.810384] acpi PNP0A03:00: fail to add MMCONFIG information, can't access extended PCI configuration space under this bridge.
[    0.823919] PCI host bridge to bus 0000:00
[    0.825816] pci_bus 0000:00: root bus resource [io  0x0000-0x0cf7 window]
[    0.827560] pci_bus 0000:00: root bus resource [io  0x0d00-0xffff window]
[    0.829333] pci_bus 0000:00: root bus resource [mem 0x000a0000-0x000bffff window]
[    0.831442] pci_bus 0000:00: root bus resource [mem 0x40000000-0xfdffffff window]
[    0.833645] pci_bus 0000:00: root bus resource [bus 00-ff]
[    0.837985] pci 0000:00:01.1: legacy IDE quirk: reg 0x10: [io  0x01f0-0x01f7]
[    0.840691] pci 0000:00:01.1: legacy IDE quirk: reg 0x14: [io  0x03f6]
[    0.842488] pci 0000:00:01.1: legacy IDE quirk: reg 0x18: [io  0x0170-0x0177]
[    0.854177] pci 0000:00:01.1: legacy IDE quirk: reg 0x1c: [io  0x0376]
[    0.874020] pci 0000:00:07.0: quirk: [io  0x4000-0x403f] claimed by PIIX4 ACPI
[    0.876553] pci 0000:00:07.0: quirk: [io  0x4100-0x410f] claimed by PIIX4 SMB
[    0.889734] ACPI: PCI Interrupt Link [LNKA] (IRQs 5 9 10 *11)
[    0.892229] ACPI: PCI Interrupt Link [LNKB] (IRQs 5 9 *10 11)
[    0.894336] ACPI: PCI Interrupt Link [LNKC] (IRQs 5 *9 10 11)
[    0.896301] ACPI: PCI Interrupt Link [LNKD] (IRQs 5 9 10 *11)
[    0.898468] ACPI: Enabled 2 GPEs in block 00 to 07
[    0.901196] vgaarb: setting as boot device: PCI:0000:00:02.0
[    0.903310] vgaarb: device added: PCI:0000:00:02.0,decodes=io+mem,owns=io+mem,locks=none
[    0.905637] vgaarb: loaded
[    0.906489] vgaarb: bridge control possible 0000:00:02.0
[    0.908152] SCSI subsystem initialized
[    0.909427] ACPI: bus type USB registered
[    0.910591] usbcore: registered new interface driver usbfs
[    0.912055] usbcore: registered new interface driver hub
[    0.913616] usbcore: registered new device driver usb
[    0.916453] PCI: Using ACPI for IRQ routing
[    0.918507] NetLabel: Initializing
[    0.919829] NetLabel:  domain hash size = 128
[    0.921064] NetLabel:  protocols = UNLABELED CIPSOv4
[    0.922754] NetLabel:  unlabeled traffic allowed by default
[    0.924459] amd_nb: Cannot enumerate AMD northbridges
[    0.926061] clocksource: Switched to clocksource kvm-clock
[    0.936184] AppArmor: AppArmor Filesystem Enabled
[    0.938043] pnp: PnP ACPI init
[    0.940357] pnp: PnP ACPI: found 3 devices
[    0.950036] clocksource: acpi_pm: mask: 0xffffff max_cycles: 0xffffff, max_idle_ns: 2085701024 ns
[    0.953014] NET: Registered protocol family 2
[    0.954439] TCP established hash table entries: 8192 (order: 4, 65536 bytes)
[    0.956270] TCP bind hash table entries: 8192 (order: 5, 131072 bytes)
[    0.957987] TCP: Hash tables configured (established 8192 bind 8192)
[    0.959682] UDP hash table entries: 512 (order: 2, 16384 bytes)
[    0.961238] UDP-Lite hash table entries: 512 (order: 2, 16384 bytes)
[    0.963500] NET: Registered protocol family 1
[    0.964732] pci 0000:00:00.0: Limiting direct PCI/PCI transfers
[    0.966336] pci 0000:00:01.0: Activating ISA DMA hang workarounds
[    0.968149] Unpacking initramfs...
[    1.204778] Freeing initrd memory: 14888K
[    1.206675] clocksource: tsc: mask: 0xffffffffffffffff max_cycles: 0x396d4ffc055, max_idle_ns: 881590662783 ns
[    1.209363] platform rtc_cmos: registered platform RTC device (no PNP device found)
[    1.211572] Scanning for low memory corruption every 60 seconds
[    1.213507] audit: initializing netlink subsys (disabled)
[    1.215744] audit: type=2000 audit(1666158685.710:1): initialized
[    1.217617] Initialise system trusted keyring
[    1.219167] HugeTLB registered 2 MB page size, pre-allocated 0 pages
[    1.222838] zbud: loaded
[    1.223980] VFS: Disk quotas dquot_6.6.0
[    1.225133] VFS: Dquot-cache hash table entries: 512 (order 0, 4096 bytes)
[    1.227242] squashfs: version 4.0 (2009/01/31) Phillip Lougher
[    1.229070] fuse init (API version 7.23)
[    1.230354] Key type big_key registered
[    1.231488] Allocating IMA MOK and blacklist keyrings.
[    1.233683] Key type asymmetric registered
[    1.234945] Asymmetric key parser 'x509' registered
[    1.236310] Block layer SCSI generic (bsg) driver version 0.4 loaded (major 249)
[    1.238512] io scheduler noop registered
[    1.239801] io scheduler deadline registered (default)
[    1.241220] io scheduler cfq registered
[    1.242479] pci_hotplug: PCI Hot Plug PCI Core version: 0.5
[    1.244000] pciehp: PCI Express Hot Plug Controller Driver version: 0.4
[    1.246242] ACPI: AC Adapter [AC] (off-line)
[    1.247765] input: Power Button as /devices/LNXSYSTM:00/LNXPWRBN:00/input/input0
[    1.249842] ACPI: Power Button [PWRF]
[    1.251048] input: Sleep Button as /devices/LNXSYSTM:00/LNXSLPBN:00/input/input1
[    1.253539] ACPI: Sleep Button [SLPF]
[    1.255592] GHES: HEST is not enabled!
[    1.256942] ACPI: Battery Slot [BAT0] (battery present)
[    1.260383] Serial: 8250/16550 driver, 32 ports, IRQ sharing enabled
[    1.283516] 00:02: ttyS0 at I/O 0x3f8 (irq = 4, base_baud = 115200) is a 16550A
[    1.288265] Linux agpgart interface v0.103
[    1.291056] loop: module loaded
[    1.292731] scsi host0: ata_piix
[    1.294263] scsi host1: ata_piix
[    1.295540] ata1: PATA max UDMA/33 cmd 0x1f0 ctl 0x3f6 bmdma 0xd000 irq 14
[    1.297293] ata2: PATA max UDMA/33 cmd 0x170 ctl 0x376 bmdma 0xd008 irq 15
[    1.299431] libphy: Fixed MDIO Bus: probed
[    1.300822] tun: Universal TUN/TAP device driver, 1.6
[    1.302501] tun: (C) 1999-2004 Max Krasnyansky <maxk@qualcomm.com>
[    1.304210] PPP generic driver version 2.4.2
[    1.306101] ehci_hcd: USB 2.0 'Enhanced' Host Controller (EHCI) Driver
[    1.307814] ehci-pci: EHCI PCI platform driver
[    1.309051] ehci-platform: EHCI generic platform driver
[    1.310490] ohci_hcd: USB 1.1 'Open' Host Controller (OHCI) Driver
[    1.312159] ohci-pci: OHCI PCI platform driver
[    1.313399] ohci-platform: OHCI generic platform driver
[    1.314902] uhci_hcd: USB Universal Host Controller Interface driver
[    1.316608] i8042: PNP: PS/2 Controller [PNP0303:PS2K,PNP0f03:PS2M] at 0x60,0x64 irq 1,12
[    1.319416] serio: i8042 KBD port at 0x60,0x64 irq 1
[    1.320760] serio: i8042 AUX port at 0x60,0x64 irq 12
[    1.322400] mousedev: PS/2 mouse device common for all mice
[    1.324336] input: AT Translated Set 2 keyboard as /devices/platform/i8042/serio0/input/input2
[    1.327145] rtc_cmos rtc_cmos: rtc core: registered rtc_cmos as rtc0
[    1.328844] rtc_cmos rtc_cmos: alarms up to one day, 114 bytes nvram
[    1.330534] i2c /dev entries driver
[    1.331606] device-mapper: uevent: version 1.0.3
[    1.333453] device-mapper: ioctl: 4.34.0-ioctl (2015-10-28) initialised: dm-devel@redhat.com
[    1.336148] ledtrig-cpu: registered to indicate activity on CPUs
[    1.338337] NET: Registered protocol family 10
[    1.340024] NET: Registered protocol family 17
[    1.341741] Key type dns_resolver registered
[    1.343494] registered taskstats version 1
[    1.344678] Loading compiled-in X.509 certificates
[    1.346601] Loaded X.509 cert 'Build time autogenerated kernel key: cf00e047681d67edb2720680708b7d9498083038'
[    1.349241] zswap: loaded using pool lzo/zbud
[    1.352773] Key type trusted registered
[    1.357580] Key type encrypted registered
[    1.358982] AppArmor: AppArmor sha1 policy hashing enabled
[    1.360438] ima: No TPM chip found, activating TPM-bypass!
[    1.361941] ima: Allocated hash algorithm: sha1
[    1.363298] evm: HMAC attrs: 0x1
[    1.364758]   Magic number: 10:320:871
[    1.366427] rtc_cmos rtc_cmos: setting system clock to 2022-10-19 05:51:18 UTC (1666158678)
[    1.368853] BIOS EDD facility v0.16 2004-Jun-25, 0 devices found
[    1.371034] EDD information not available.
[    1.479734] Freeing unused kernel memory: 1492K
[    1.481168] Write protecting the kernel read-only data: 14336k
[    1.483305] Freeing unused kernel memory: 1584K
[    1.484827] Freeing unused kernel memory: 52K
Loading, please wait...
starting version[    1.500010] random: systemd-udevd: uninitialized urandom read (16 bytes read, 3 bits of entropy available)
 229
[    1.500678] random: udevadm: uninitialized urandom read (16 bytes read, 3 bits of entropy available)
[    1.500706] random: udevadm: uninitialized urandom read (16 bytes read, 3 bits of entropy available)
[    1.509608] random: udevadm: uninitialized urandom read (16 bytes read, 3 bits of entropy available)
[    1.509665] random: udevadm: uninitialized urandom read (16 bytes read, 3 bits of entropy available)
[    1.509819] random: udevadm: uninitialized urandom read (16 bytes read, 3 bits of entropy available)
[    1.509881] random: udevadm: uninitialized urandom read (16 bytes read, 3 bits of entropy available)
[    1.509938] random: udevadm: uninitialized urandom read (16 bytes read, 3 bits of entropy available)
[    1.509997] random: udevadm: uninitialized urandom read (16 bytes read, 3 bits of entropy available)
[    1.510055] random: udevadm: uninitialized urandom read (16 bytes read, 3 bits of entropy available)
[    1.601204] e1000: Intel(R) PRO/1000 Network Driver - version 7.3.21-k8-NAPI
[    1.632212] e1000: Copyright (c) 1999-2006 Intel Corporation.
[    1.653965] AVX2 version of gcm_enc/dec engaged.
[    1.655380] AES CTR mode by8 optimization enabled
[    1.657199] Fusion MPT base driver 3.04.20
[    1.659860] Copyright (c) 1999-2008 LSI Corporation
[    1.670581] Fusion MPT SPI Host driver 3.04.20
[    1.844376] input: ImExPS/2 Generic Explorer Mouse as /devices/platform/i8042/serio1/input/input4
[    2.130521] e1000 0000:00:03.0 eth0: (PCI:33MHz:32-bit) 02:be:82:6b:cc:1d
[    2.133058] e1000 0000:00:03.0 eth0: Intel(R) PRO/1000 Network Connection
[    2.135610] mptbase: ioc0: Initiating bringup
[    2.199139] ioc0: LSI53C1030 A0: Capabilities={Initiator}
[    2.369386] scsi host2: ioc0: LSI53C1030 A0, FwRev=00000000h, Ports=1, MaxQ=256, IRQ=20
[    2.487832] scsi 2:0:0:0: Direct-Access     VBOX     HARDDISK         1.0  PQ: 0 ANSI: 5
[    2.493073] scsi target2:0:0: Beginning Domain Validation
[    2.496088] scsi target2:0:0: Domain Validation skipping write tests
[    2.498033] scsi target2:0:0: Ending Domain Validation
[    2.499709] scsi target2:0:0: asynchronous
[    2.501497] scsi 2:0:1:0: Direct-Access     VBOX     HARDDISK         1.0  PQ: 0 ANSI: 5
[    2.504399] scsi target2:0:1: Beginning Domain Validation
[    2.506635] scsi target2:0:1: Domain Validation skipping write tests
[    2.508275] scsi target2:0:1: Ending Domain Validation
[    2.509687] scsi target2:0:1: asynchronous
[    2.535230] sd 2:0:0:0: Attached scsi generic sg0 type 0
[    2.619845] sd 2:0:0:0: [sda] 83886080 512-byte logical blocks: (42.9 GB/40.0 GiB)
[    2.622516] sd 2:0:0:0: [sda] Write Protect is off
[    2.624152] sd 2:0:0:0: [sda] Incomplete mode parameter data
[    2.625785] sd 2:0:0:0: [sda] Assuming drive cache: write through
[    2.628184] sd 2:0:1:0: [sdb] 20480 512-byte logical blocks: (10.5 MB/10.0 MiB)
[    2.630684] sd 2:0:1:0: [sdb] Write Protect is off
[    2.632690] sd 2:0:1:0: [sdb] Incomplete mode parameter data
[    2.635339] sd 2:0:1:0: [sdb] Assuming drive cache: write through
[    2.637440] sd 2:0:1:0: Attached scsi generic sg1 type 0
[    2.640952]  sda: sda1
[    2.642975] sd 2:0:0:0: [sda] Attached SCSI disk
[    2.644525] sd 2:0:1:0: [sdb] Attached SCSI disk
[    2.908685] e1000 0000:00:08.0 eth1: (PCI:33MHz:32-bit) 08:00:27:01:16:ff
[    2.911335] e1000 0000:00:08.0 eth1: Intel(R) PRO/1000 Network Connection
[    2.914931] e1000 0000:00:08.0 enp0s8: renamed from eth1
[    2.976038] e1000 0000:00:03.0 enp0s3: renamed from eth0
Begin: Loading essential drivers ... [    4.406582] md: linear personality registered for level -1
[    4.411107] md: multipath personality registered for level -4
[    4.416268] md: raid0 personality registered for level 0
[    4.422142] md: raid1 personality registered for level 1
[    4.494130] raid6: sse2x1   gen()  8692 MB/s
[    4.562279] raid6: sse2x1   xor()  7324 MB/s
[    4.631532] raid6: sse2x2   gen() 12542 MB/s
[    4.701716] raid6: sse2x2   xor()  9219 MB/s
[    4.771854] raid6: sse2x4   gen() 15017 MB/s
[    4.838596] raid6: sse2x4   xor() 10044 MB/s
[    4.911295] raid6: avx2x1   gen() 19725 MB/s
[    4.986583] raid6: avx2x2   gen() 23698 MB/s
[    5.054319] raid6: avx2x4   gen() 26154 MB/s
[    5.056194] raid6: using algorithm avx2x4 gen() 26154 MB/s
[    5.057822] raid6: using avx2x2 recovery algorithm
[    5.061794] xor: automatically using best checksumming function:
[    5.102108]    avx       : 24371.000 MB/sec
[    5.105032] async_tx: api initialized (async)
[    5.116778] md: raid6 personality registered for level 6
[    5.118391] md: raid5 personality registered for level 5
[    5.120098] md: raid4 personality registered for level 4
[    5.129021] md: raid10 personality registered for level 10
done.
Begin: Running /scripts/init-premount ... done.
Begin: Mounting root file system ... Begin: Running /scripts/local-top ... done.
Begin: Running /scripts/local-premount ... [    5.162206] Btrfs loaded
Scanning for Btrfs filesystems
done.
Warning: fsck not present, so skipping root file system
[    5.212395] EXT4-fs (sda1): mounted filesystem with ordered data mode. Opts: (null)
done.
Begin: Running /scripts/local-bottom ... done.
Begin: Running /scripts/init-bottom ... done.
[    5.456095] systemd[1]: systemd 229 running in system mode. (+PAM +AUDIT +SELINUX +IMA +APPARMOR +SMACK +SYSVINIT +UTMP +LIBCRYPTSETUP +GCRYPT +GNUTLS +ACL +XZ -LZ4 +SECCOMP +BLKID +ELFUTILS +KMOD -IDN)
[    5.461706] systemd[1]: Detected virtualization oracle.
[    5.463733] systemd[1]: Detected architecture x86-64.

Welcome to [1mUbuntu 16.04.7 LTS[0m!

[    5.469592] systemd[1]: Set hostname to <ubuntu>.
[    5.472489] systemd[1]: Initializing machine ID from random generator.
[    5.474468] systemd[1]: Installed transient /etc/machine-id file.
[    5.600097] systemd[1]: Listening on LVM2 poll daemon socket.
[[0;32m  OK  [0m] Listening on LVM2 poll daemon socket.
[    5.603149] systemd[1]: Started Forward Password Requests to Wall Directory Watch.
[[0;32m  OK  [0m] Started Forward Password Requests to Wall Directory Watch.
[    5.607046] systemd[1]: Listening on Journal Audit Socket.
[[0;32m  OK  [0m] Listening on Journal Audit Socket.
[    5.609912] systemd[1]: Listening on Journal Socket.
[[0;32m  OK  [0m] Listening on Journal Socket.
[    5.612602] systemd[1]: Listening on LVM2 metadata daemon socket.
[[0;32m  OK  [0m] Listening on LVM2 metadata daemon socket.
[    5.615683] systemd[1]: Listening on udev Control Socket.
[[0;32m  OK  [0m] Listening on udev Control Socket.
[    5.619005] systemd[1]: Started Trigger resolvconf update for networkd DNS.
[[0;32m  OK  [0m] Started Trigger resolvconf update for networkd DNS.
[    5.813856] systemd[1]: Reached target Encrypted Volumes.
[[0;32m  OK  [0m] Reached target Encrypted Volumes.
[    5.817552] systemd[1]: Created slice System Slice.
[[0;32m  OK  [0m] Created slice System Slice.
[    5.830952] systemd[1]: Mounting POSIX Message Queue File System...
         Mounting POSIX Message Queue File System...
[    5.844014] systemd[1]: Starting Set console keymap...
         Starting Set console keymap...
[    5.855827] systemd[1]: Starting Load Kernel Modules...
         Starting Load Kernel Modules...
[    5.879867] Loading iSCSI transport class v2.0-870.
[    5.885870] systemd[1]: Mounting Debug File System...
         Mounting Debug File System...
[    5.900320] iscsi: registered transport (tcp)
[    5.903113] systemd[1]: Mounting Huge Pages File System...
         Mounting Huge Pages File System...
[    5.927325] systemd[1]: Reached target Swap.
[[0;32m  OK  [0m] Reached target Swap.
[    5.935245] systemd[1]: Listening on udev Kernel Socket.
[[0;32m  OK  [0m] Listening on udev Kernel Socket.
[    5.943121] systemd[1]: Starting Nameserver information manager...
         Starting Nameserver information manager...
[    5.949176] systemd[1]: Created slice system-serial\x2dgetty.slice.
[[0;32m  OK  [0m] Created slice system-serial\x2dgetty.slice.
[    5.957242] systemd[1]: Created slice User and Session Slice.
[[0;32m  OK  [0m] Created slice User and Session Slice.
[    5.976759] systemd[1]: Listening on Device-mapper event daemon FIFOs.
[[0;32m  OK  [0m] Listening on Device-mapper event daemon FIFOs.
[    6.010573] systemd[1]: Starting Monitoring of LVM2 mirrors, snapshots etc. using dmeventd or progress polling...
         Starting Monitoring of LVM2 mirrors... dmeventd or progress polling...
[    6.017130] systemd[1]: Listening on fsck to fsckd communication Socket.
[[0;32m  OK  [0m] Listening on fsck to fsckd communication Socket.
[    6.023806] systemd[1]: Starting File System Check on Root Device...
         Starting File System Check on Ro[    6.033183] iscsi: registered transport (iser)
ot Device...
[    6.037411] systemd[1]: Reached target System Time Synchronized.
[[    6.046133] random: nonblocking pool is initialized
[0;32m  OK  [0m] Reached target System Time Synchronized.
[    6.052039] systemd[1]: Reached target User and Group Name Lookups.
[[0;32m  OK  [0m] Reached target User and Group Name Lookups.
[    6.064757] systemd[1]: Listening on /dev/initctl Compatibility Named Pipe.
[[0;32m  OK  [0m] Listening on /dev/initctl Compatibility Named Pipe.
[    6.079249] systemd[1]: Set up automount Arbitrary Executable File Formats File System Automount Point.
[[0;32m  OK  [0m] Set up automount Arbitrary Executab...ats File System Automount Point.
[    6.107951] systemd[1]: Starting Create list of required static device nodes for the current kernel...
         Starting Create list of required st... nodes for the current kernel...
[    6.118692] systemd[1]: Listening on Journal Socket (/dev/log).
[[0;32m  OK  [0m] Listening on Journal Socket (/dev/log).
[    6.123121] systemd[1]: Listening on Syslog Socket.
[[0;32m  OK  [0m] Listening on Syslog Socket.
[    6.127087] systemd[1]: Starting Uncomplicated firewall...
         Starting Uncomplicated firewall...
[    6.139316] systemd[1]: Reached target Slices.
[[0;32m  OK  [0m] Reached target Slices.
[    6.143327] systemd[1]: Starting Journal Service...
         Starting Journal Service...
[    6.168386] systemd[1]: Mounted Huge Pages File System.
[[0;32m  OK  [0m] Mounted Huge Pages File System.
[    6.183119] systemd[1]: Mounted POSIX Message Queue File System.
[[0;32m  OK  [0m] Mounted POSIX Message Queue File System.
[    6.194546] systemd[1]: Mounted Debug File System.
[[0;32m  OK  [0m] Mounted Debug File System.
[    6.197302] systemd[1]: Started Journal Service.
[[0;32m  OK  [0m] Started Journal Service.
[[0;32m  OK  [0m] Started Set console keymap.
[[0;32m  OK  [0m] Started Load Kernel Modules.
[[0;32m  OK  [0m] Started File System Check on Root Device.
[[0;32m  OK  [0m] Started Create list of required sta...ce nodes for the current kernel.
[[0;32m  OK  [0m] Started Uncomplicated firewall.
[[0;32m  OK  [0m] Started Nameserver information manager.
[[0;32m  OK  [0m] Started File System Check Daemon to report status.
[[0;32m  OK  [0m] Started LVM2 metadata daemon.
         Starting Create Static Device Nodes in /dev...
         Starting Remount Root and Kernel File Systems...
[    6.281679] EXT4-fs (sda1): re-mounted. Opts: (null)
         Mounting FUSE Control File System...
         Starting Apply Kernel Variables...
[[0;32m  OK  [0m] Mounted FUSE Control File System.
[[0;32m  OK  [0m] Started Create Static Device Nodes in /dev.
[[0;32m  OK  [0m] Started Remount Root and Kernel File Systems.
[[0;32m  OK  [0m] Started Apply Kernel Variables.
         Starting Flush Journal to Persistent Storage...
         Starting Load/Save Random Seed...
         Starting udev Coldplug all Devices...
         Starting udev Kernel Device Manager...
[[0;32m  OK  [0m] Started Load/Save Random Seed.
[[0;32m  OK  [0m] Started Flush Journal to Persistent Storage.
[[0;32m  OK  [0m] Started udev Kernel Device Manager.
[[0;32m  OK  [0m] Started udev Coldplug all Devices.
[[0;32m  OK  [0m] Started Dispatch Password Requests to Console Directory Watch.
[[0;32m  OK  [0m] Started Monitoring of LVM2 mirrors,...ng dmeventd or progress polling.
[[0;32m  OK  [0m] Reached target Local File Systems (Pre).
[[0;32m  OK  [0m] Reached target Local File Systems.
         Starting Create Volatile Files and Directories...
         Starting LSB: AppArmor initialization...
         Starting Tell Plymouth To Write Out Runtime Data...
         Starting Initial cloud-init job (pre-networking)...
         Starting Commit a transient machine-id on disk...
         Starting Set console font and keymap...
[[0;32m  OK  [0m] Started Create Volatile Files and Directories.
         Starting Update UTMP about System Boot/Shutdown...
[[0;32m  OK  [0m] Started Tell Plymouth To Write Out Runtime Data.
[[0;32m  OK  [0m] Started Commit a transient machine-id on disk.
[[0;32m  OK  [0m] Started Update UTMP about System Boot/Shutdown.
[[0;32m  OK  [0m] Found device /dev/ttyS0.
[[0;32m  OK  [0m] Listening on Load/Save RF Kill Switch Status /dev/rfkill Watch.
[[0;32m  OK  [0m] Started LSB: AppArmor initialization.
         Starting Load AppArmor profiles managed internally by snapd...
[[0;32m  OK  [0m] Started Load AppArmor profiles managed internally by snapd.
[[0;32m  OK  [0m] Started Set console font and keymap.
[[0;32m  OK  [0m] Created slice system-getty.slice.
[    8.342063] cloud-init[499]: Cloud-init v. 21.1-19-gbad84ad4-0ubuntu1~16.04.2 running 'init-local' at Wed, 19 Oct 2022 05:51:25 +0000. Up 7.94 seconds.
[[0;32m  OK  [0m] Started Initial cloud-init job (pre-networking).
[[0;32m  OK  [0m] Reached target Network (Pre).
         Starting Raise network interfaces...
[[0;32m  OK  [0m] Started Raise network interfaces.
[[0;32m  OK  [0m] Reached target Network.
         Starting Initial cloud-init job (metadata service crawler)...
[   10.928342] cloud-init[958]: Cloud-init v. 21.1-19-gbad84ad4-0ubuntu1~16.04.2 running 'init' at Wed, 19 Oct 2022 05:51:27 +0000. Up 9.95 seconds.
[   10.936491] cloud-init[958]: ci-info: ++++++++++++++++++++++++++++++++++++++Net device info+++++++++++++++++++++++++++++++++++++++
[   10.944564] cloud-init[958]: ci-info: +--------+-------+----------------------------+---------------+--------+-------------------+
[   10.953026] cloud-init[958]: ci-info: | Device |   Up  |          Address           |      Mask     | Scope  |     Hw-Address    |
[   10.960529] cloud-init[958]: ci-info: +--------+-------+----------------------------+---------------+--------+-------------------+
[   10.995716] [cloud-init[0;32m  OK  [0m[958]: ] ci-info: | enp0s3 |  True |         10.0.2.15          | 255.255.255.0 | global | 02:be:82:6b:cc:1d |Started Initial cloud-init job (metadata service crawler).

[[0;32m  OK  [0m] Reached target System Initialization.
[[   10.996024] [0;32m  OK  [0mcloud-init] [958]: Started Daily Cleanup of Temporary Directories.ci-info: | enp0s3 |  True | fe80::be:82ff:fe6b:cc1d/64 |       .       |  link  | 02:be:82:6b:cc:1d |

[   11.043545] cloud-init[958]: ci-info: | enp0s8 | False |             .              |       .       |   .    | 08:00:27:01:16:ff |
[   11.043846] cloud-init[958]: ci-info: |   lo   |  True |         127.0.0.1          |   255.0.0.0   |  host  |         .         |
[   11.047351] cloud-init[958]: ci-info: |   lo   |  True |          ::1/128           |       .       |  host  |         .         |
[   11.056867] cloud-init[958]: ci-info: +--------+-------+----------------------------+---------------+--------+-------------------+
[   11.058631] cloud-init[958]: ci-info: +++++++++++++++++++++++++++Route IPv4 info++++++++++++++++++++++++++++
[   11.062809] cloud-init[958]: ci-info: +-------+-------------+----------+---------------+-----------+-------+
[[0;32m  OK  [0m] Started Message of the Day.[   11.074117] cloud-init[958]: ci-info: | Route | Destination | Gateway  |    Genmask    | Interface | Flags |

[   11.075990] cloud-init[958]: ci-info: +-------+-------------+----------+---------------+-----------+-------+
[   11.080467] cloud-init[958]: ci-info: |   0   |   0.0.0.0   | 10.0.2.2 |    0.0.0.0    |   enp0s3  |   UG  |
[[0;32m  OK  [0m] Listening on D-Bus System Message Bus Socket.[   11.082962] cloud-init[958]: ci-info: |   1   |   10.0.2.0  | 0.0.0.0  | 255.255.255.0 |   enp0s3  |   U   |

[[0;32m  OK  [0m] Listening on ACPID Listen Socket.
[   11.084429] cloud-init[958]: ci-info: +-------+-------------+----------+---------------+-----------+-------+
[   11.091662] cloud-init[958]: ci-info: +++++++++++++++++++Route IPv6 info+++++++++++++++++++
[[0;32m  OK  [0m] Started ACPI Events Check.[   11.095856] cloud-init[958]: ci-info: +-------+-------------+---------+-----------+-------+

[   11.099107] cloud-init[958]: ci-info: | Route | Destination | Gateway | Interface | Flags |
[[0;32m  OK  [0m] Reached target Paths.
[   11.103515] cloud-init[958]: ci-info: +-------+-------------+---------+-----------+-------+
[   11.105720] cloud-init[958]: ci-info: |   0   |  fe80::/64  |    ::   |   enp0s3  |   U   |
         Starting LXD - unix socket.
[   11.107735] cloud-init[958]: ci-info: |   3   |   ff00::/8  |    ::   |   enp0s3  |   U   |
[   11.111510] cloud-init[958]: ci-info: +-------+-------------+---------+-----------+-------+
[[0;32m  OK  [0m] Listening on UUID daemon activation socket.[   11.113206] cloud-init[958]: Generating public/private rsa key pair.

[   11.124715] cloud-init[958]: Your identification has been saved in /etc/ssh/ssh_host_rsa_key.
[   11.127574] cloud-init[958]: Your public key has been saved in /etc/ssh/ssh_host_rsa_key.pub.
[[0;32m  OK  [0m] Started Daily apt download activities.
[   11.129801] cloud-init[958]: The key fingerprint is:
[   11.131152] cloud-init[958]: SHA256:8PCR48sdwTPOlUmInnIULIcrFv5hGB4s0CLuThFEoXo root@ubuntu-xenial
[   11.138374] cloud-init[958]: The key's randomart image is:
[[0;32m  OK  [0m] Started Daily apt upgrade and clean activities.
[   11.142014] cloud-init[958]: +---[RSA 2048]----+
[   11.143403] cloud-init[958]: |+*..   o.o ..    |
         Starting Socket activation for snappy daemon.[   11.144427] cloud-init[958]: |+.o = o =o.. o   |

[   11.145970] cloud-init[958]: |+..+ =o*+.= +    |
[[0;32m  OK  [0m] [   11.147003] cloud-init[958]: |.o  * =*+= =     |
[   11.152801] cloud-init[958]: |o E. + +S +      |
[   11.153125] cloud-init[958]: | +    .. o .     |
[   11.155063] cloud-init[958]: |o       o .      |
[   11.158809] cloud-init[958]: | .               |
Started Ubuntu Advantage update messaging.
[   11.160836] cloud-init[958]: |                 |
[   11.169472] cloud-init[958]: +----[SHA256]-----+
[   11.169780] cloud-init[958]: Generating public/private dsa key pair.
[[0;32m  OK  [0m] Reached target Timers.
[[0;32m  OK  [0m] Reached target Network is Online.
[   11.169829] cloud-init[958]: Your identification has been saved in /etc/ssh/ssh_host_dsa_key.
[   11.193944] cloud-init[958]: Your public key has been saved in /etc/ssh/ssh_host_dsa_key.pub.
[   11.198965] cloud-init[958]: The key fingerprint is:
[   11.201556] cloud-init[958]: SHA256:I51GloM+QEKzHFMPBt6jO7GyV9n8HNhhanWU4fNClfI root@ubuntu-xenial
[   11.205911] cloud-init[958]: The key's randomart image is:
         [   11.206070] Starting iSCSI initiator daemon (iscsid)...cloud-init
[958]: +---[DSA 1024]----+
[   11.220525] cloud-init[958]: | .Bo=     .o..   |
[   11.220765] cloud-init[[958]: [0;32m  OK  [0m| o X o . o+..    |] 
Reached target Cloud-config availability.
[[   11.220826] [0;32m  OK  [0mcloud-init] [958]: Listening on LXD - unix socket.|  + + o =.+o     |

[   11.229240] cloud-init[958]: |   . + +++.oE    |
[   11.229473] cloud-init[958]: |  o  ++*So. .    |
[[0;32m  OK  [0m] Listening on Socket activation for snappy daemon.
[[0;32m  OK  [0m] Reached target Sockets.
[   11.229529] [cloud-init[0;32m  OK  [0m[958]: ] |   +o *+o. .     |Reached target Basic System.

[   11.253025] [cloud-init[0;32m  OK  [0m[958]: ] |. +. . o .       |Started FUSE filesystem for LXC.

[   11.253333] cloud-init[958]: | o..    o        |
[   11.265280] cloud-init[958]: |..               |
[   11.274476] cloud-init[958]: +----[SHA256]-----+
[   11.281048] cloud-init[958]: Generating public/private ecdsa key pair.
[   11.288886] [cloud-init[0;32m  OK  [0m[958]: ] Your identification has been saved in /etc/ssh/ssh_host_ecdsa_key.Started ACPI event daemon.

[   11.289330] cloud-init[958]: Your public key has been saved in /etc/ssh/ssh_host_ecdsa_key.pub.
[   11.300407] cloud-init[958]: The key fingerprint is:
[   11.301337] cloud-init[958]: SHA256:AakOIi0NGEBpWeHaTKUcHVLyowBuP6sIoaor4+uOBzQ root@ubuntu-xenial
[   11.308401] cloud-init[958]: The key's randomart image is:
[   11.309574] cloud-init[958]: +---[ECDSA 256]---+
[   11.310437] cloud-init[958]: |Bo+*++o.         |
[   11.311236] cloud-init[958]: |=+o B...         |
[   11.312035] cloud-init[958]: |.B = +  .        |
[[0;32m  OK  [0m] Started D-Bus System Message Bus.
[   11.312678] cloud-init[958]: |=E@ o .  .       |
[   11.315691] cloud-init[958]: |++.O    S        |
[   11.316888] cloud-init[958]: |o.  +            |
[   11.325077] cloud-init[958]: |o. .             |
[   11.326442] cloud-init[958]: |B o              |
[   11.328198] cloud-init[958]: |%X.              |
[   11.336654] cloud-init[958]: +----[SHA256]-----+
[   11.337936] cloud-init[958]: Generating public/private ed25519 key pair.
[   11.344868] cloud-init[958]: Your identification has been saved in /etc/ssh/ssh_host_ed25519_key.
[   11.346696] cloud-init[958]: Your public key has been saved in /etc/ssh/ssh_host_ed25519_key.pub.
[   11.348151] cloud-init[958]: The key fingerprint is:
[   11.356394] cloud-init[958]: SHA256:DpoPgeUf2wAH5AYZL+OD0lX0u11WLqxO720btu9Kg8U root@ubuntu-xenial
[   11.357733] cloud-init[958]: The key's randomart image is:
[   11.364621] cloud-init[958]: +--[ED25519 256]--+
         Starting Login Service...
[   11.364794] cloud-init[958]: |  o+o.o          |
[   11.376316] cloud-init[958]: |  .+ o .         |
         Starting Virtualbox guest utils...
[   11.376744] cloud-init[958]: |  o B . .     .  |
[   11.397469] cloud-init[958]: | + O o   . . +   |
[   11.399246] cloud-init[958]: |o = o + S   = E  |
[   11.407320] cloud-init[958]: |.  . = B o + +   |
[   11.408798] cloud-init[958]: |    + o + + . =  |
[   11.410085] cloud-init[958]: |     o   o . +.+ |
[   11.412814] cloud-init[958]: |      .   ..o.==o|
[   11.414446] cloud-init[958]: +----[SHA256]-----+
         Starting Accounts Service...
         Starting System Logging Service...
[[0;32m  OK  [0m] Started Regular background program processing daemon.
[[0;32m  OK  [0m] Started Deferred execution scheduler.
         Starting Pollinate to seed the pseudo random number generator...
         Starting Snap Daemon...
         Starting LXD - container startup/shutdown...
         Starting LSB: Record successful boot for GRUB...
         Starting LSB: MD monitoring daemon...
         Starting /etc/rc.local Compatibility...
[[0;32m  OK  [0m] Started System Logging Service.
[[0;32m  OK  [0m] Started /etc/rc.local Compatibility.
[[0;32m  OK  [0m] Started iSCSI initiator daemon (iscsid).
[[0;32m  OK  [0m] Started Login Service.
[[0;32m  OK  [0m] Started Unattended Upgrades Shutdown.
         Starting Authenticate and Authorize Users to Run Privileged Tasks...
         Starting Login to default iSCSI targets...
[[0;32m  OK  [0m] Started LSB: Record successful boot for GRUB.
[[0;32m  OK  [0m] Started LSB: MD monitoring daemon.
[[0;32m  OK  [0m] Started Login to default iSCSI targets.
[[0;32m  OK  [0m] Reached target Remote File Systems (Pre).
[[0;32m  OK  [0m] Reached target Remote File Systems.
         Starting LSB: daemon to balance interrupts for SMP systems...
         Starting LSB: Set the CPU Frequency Scaling governor to "ondemand"...
         Starting LSB: automatic crash report generation...
         Starting Permit User Sessions...
[[0;32m  OK  [0m] Started Authenticate and Authorize Users to Run Privileged Tasks.
[[0;32m  OK  [0m] Started Accounts Service.
[[0;32m  OK  [0m] Started Permit User Sessions.
         Starting Terminate Plymouth Boot Screen...
         Starting Hold until boot process finishes up...
[[0;32m  OK  [0m] Started Terminate Plymouth Boot Screen.
[[0;32m  OK  [0m] Started LSB: Set the CPU Frequency Scaling governor to "ondemand".
[[0;32m  OK  [0m] Started LSB: daemon to balance interrupts for SMP systems.
[[0;32m  OK  [0m] Started Hold until boot process finishes up.
[[0;32m  OK  [0m] Started Getty on tty1.
[[0;32m  OK  [0m] Started Serial Getty on ttyS0.
[[0;32m  OK  [0m] Reached target Login Prompts.
         Starting Set console scheme...
[[0;32m  OK  [0m] Started Virtualbox guest utils.
[[0;32m  OK  [0m] Started LXD - container startup/shutdown.
[[0;32m  OK  [0m] Started Set console scheme.
[[0;32m  OK  [0m] Started LSB: automatic crash report generation.
[[0;32m  OK  [0m] Started Pollinate to seed the pseudo random number generator.
         Starting OpenBSD Secure Shell server...
[[0;32m  OK  [0m] Started OpenBSD Secure Shell server.
[[0;32m  OK  [0m] Started Snap Daemon.
         Starting Wait until snapd is fully seeded...
[[0;32m  OK  [0m] Created slice User Slice of vagrant.
         Starting User Manager for UID 1000...
[[0;32m  OK  [0m] Started Session 1 of user vagrant.
[[0;32m  OK  [0m] Started User Manager for UID 1000.
[[0;32m  OK  [0m] Started Wait until snapd is fully seeded.
         Starting Apply the settings specified in cloud-config...
[[0;32m  OK  [0m] Reached target Multi-User System.
[[0;32m  OK  [0m] Reached target Graphical Interface.
         Starting Update UTMP about System Runlevel Changes...
[[0;32m  OK  [0m] Started Update UTMP about System Runlevel Changes.
[   13.862867] cloud-init[1390]: Generating locales (this might take a while)...
         Stopping User Manager for UID 1000...
[[0;32m  OK  [0m] Stopped User Manager for UID 1000.
[[0;32m  OK  [0m] Removed slice User Slice of vagrant.
[   15.137440] cloud-init[1390]:   en_US.UTF-8... done
[   15.138862] cloud-init[1390]: Generation complete.
[[0;32m  OK  [0m] Created slice User Slice of vagrant.
         Starting User Manager for UID 1000...
[[0;32m  OK  [0m] Started Session 2 of user vagrant.
[[0;32m  OK  [0m] Started User Manager for UID 1000.
[   15.864923] cloud-init[1390]: Cloud-init v. 21.1-19-gbad84ad4-0ubuntu1~16.04.2 running 'modules:config' at Wed, 19 Oct 2022 05:51:31 +0000. Up 13.68 seconds.
[[0;32m  OK  [0m] Started Apply the settings specified in cloud-config.
         Starting Execute cloud user/final scripts...
ci-info: no authorized SSH keys fingerprints found for user ubuntu.
<14>Oct 19 05:51:34 ec2: 
<14>Oct 19 05:51:34 ec2: #############################################################
<14>Oct 19 05:51:34 ec2: -----BEGIN SSH HOST KEY FINGERPRINTS-----
<14>Oct 19 05:51:34 ec2: 1024 SHA256:I51GloM+QEKzHFMPBt6jO7GyV9n8HNhhanWU4fNClfI root@ubuntu-xenial (DSA)
<14>Oct 19 05:51:34 ec2: 256 SHA256:AakOIi0NGEBpWeHaTKUcHVLyowBuP6sIoaor4+uOBzQ root@ubuntu-xenial (ECDSA)
<14>Oct 19 05:51:34 ec2: 256 SHA256:DpoPgeUf2wAH5AYZL+OD0lX0u11WLqxO720btu9Kg8U root@ubuntu-xenial (ED25519)
<14>Oct 19 05:51:34 ec2: 2048 SHA256:8PCR48sdwTPOlUmInnIULIcrFv5hGB4s0CLuThFEoXo root@ubuntu-xenial (RSA)
<14>Oct 19 05:51:34 ec2: -----END SSH HOST KEY FINGERPRINTS-----
<14>Oct 19 05:51:34 ec2: #############################################################
-----BEGIN SSH HOST KEY KEYS-----
ecdsa-sha2-nistp256 AAAAE2VjZHNhLXNoYTItbmlzdHAyNTYAAAAIbmlzdHAyNTYAAABBBAiBN2LVuRTchgy8VMg0E8qw2lukw1VSsia/hFvT+EFpllEIVT2UywNnAnIE+ySeKmnK36RiKiBwXcPOHQVkrJo= root@ubuntu-xenial
ssh-ed25519 AAAAC3NzaC1lZDI1NTE5AAAAIH7+jr+XO/5PCLlugncvSlkS4d6ZC2iuwaWH+bDFjv9E root@ubuntu-xenial
ssh-rsa AAAAB3NzaC1yc2EAAAADAQABAAABAQDpJI3k7VlOUPTaz2PkDFX2yClfO6kL9i9ue9eITGV53VmEC0ou8/ZmGBM9TjIEH18DVo9+xXRCIdaJXsS4jEpMS/gTisrHR/SYzfSR/MCZLLXeKyzI9uajHaXr8kGV/A5wDJnaXF05xuNClNUTZ2tPPxNZVm0Znod32z9Cu0MX/xE4laaOz6tFOiGXtOriQkSrq8JvOJ3Ytmq3TgCQ/KVe+zbKyDIr5pZEfS5zcMlNXHNomptFf1Vfo9OxRVqiov5GWH2iWFO+A50XxvW2MT3xHRlzDRimmgatjKXX0nHmYj6SGWIQyyilnGBL+x/syOp7dKloQiOwlRh5JgQR6q6t root@ubuntu-xenial
-----END SSH HOST KEY KEYS-----
[   16.770781] cloud-init[1655]: Cloud-init v. 21.1-19-gbad84ad4-0ubuntu1~16.04.2 running 'modules:final' at Wed, 19 Oct 2022 05:51:33 +0000. Up 16.35 seconds.
[   16.781339] cloud-init[1655]: ci-info: no authorized SSH keys fingerprints found for user ubuntu.
[   16.790975] cloud-init[1655]: Cloud-init v. 21.1-19-gbad84ad4-0ubuntu1~16.04.2 finished at Wed, 19 Oct 2022 05:51:34 +0000. Datasource DataSourceNoCloud [seed=/dev/sdb][dsmode=net].  Up 16.76 seconds
[[0;32m  OK  [0m] Started Execute cloud user/final scripts.
[[0;32m  OK  [0m] Reached target Cloud-init target.

Ubuntu 16.04.7 LTS ubuntu-xenial ttyS0

ubuntu-xenial login: 